// Jest Snapshot v1, https://goo.gl/fbAQLP

exports[`renders the ProductCard correctly 1`] = `
<View
  style={
    Object {
      "backgroundColor": "#FFFFFF",
      "borderColor": "rgba(0, 0, 0, 0.12)",
      "borderRadius": 4,
      "elevation": 5,
      "marginBottom": 16,
      "shadowColor": "#000000",
      "shadowOffset": Object {
        "height": 4,
        "width": 0,
      },
      "shadowOpacity": 0.24,
      "shadowRadius": 5,
    }
  }
>
  <View
    accessible={true}
    focusable={false}
    onClick={[Function]}
    onResponderGrant={[Function]}
    onResponderMove={[Function]}
    onResponderRelease={[Function]}
    onResponderTerminate={[Function]}
    onResponderTerminationRequest={[Function]}
    onStartShouldSetResponder={[Function]}
    style={
      Object {
        "flexGrow": 1,
        "flexShrink": 1,
      }
    }
  >
    <View
      style={
        Array [
          Object {
            "backgroundColor": "#eeeeee",
            "height": 195,
            "overflow": "hidden",
          },
          Object {
            "borderTopLeftRadius": 4,
            "borderTopRightRadius": 4,
          },
          Array [
            Object {
              "backgroundColor": "#FFFFFF",
              "paddingBottom": 8,
              "paddingLeft": 8,
              "paddingRight": 8,
              "paddingTop": 8,
            },
          ],
        ]
      }
    >
      <Image
        alt="Café colombiano"
        siblings={
          Array [
            "Styled(withTheme(Card.Cover))",
            "Styled(View)",
          ]
        }
        source={
          Object {
            "uri": "https://www.mdzol.com/u/fotografias/m/2021/4/8/f850x638-1041350_1118839_5050.jpg",
          }
        }
        style={
          Array [
            Object {
              "flex": 1,
              "height": undefined,
              "justifyContent": "flex-end",
              "padding": 16,
              "width": undefined,
            },
            Object {
              "borderTopLeftRadius": 4,
              "borderTopRightRadius": 4,
            },
          ]
        }
      />
    </View>
    <View
      index={1}
      siblings={
        Array [
          "Styled(withTheme(Card.Cover))",
          "Styled(View)",
        ]
      }
      style={
        Array [
          Object {
            "paddingBottom": 16,
            "paddingLeft": 16,
            "paddingRight": 16,
            "paddingTop": 16,
          },
        ]
      }
      total={2}
    >
      <Text
        style={
          Array [
            Object {
              "fontSize": 24,
              "marginBottom": 0,
            },
          ]
        }
      >
        Café colombiano
      </Text>
      <Text
        style={
          Array [
            Object {
              "fontSize": 12,
              "marginBottom": 8,
            },
          ]
        }
      >
        El mejor café colombiano que probarás jamás
      </Text>
      <Text
        style={
          Array [
            Object {
              "fontSize": 20,
              "fontWeight": "700",
            },
          ]
        }
      >
        $
        150
      </Text>
    </View>
  </View>
</View>
`;
