// Jest Snapshot v1, https://goo.gl/fbAQLP

exports[`renders the RestaurantScreen correctly 1`] = `
<RCTScrollView
  contentContainerStyle={
    Object {
      "padding": 16,
    }
  }
  data={
    Array [
      Object {
        "category": "café",
        "dateAvailableFrom": "2021-01-01",
        "dateAvailableUntil": "2021-06-30",
        "description": "El mejor café colombiano que probarás jamás",
        "idMenuOption": 23,
        "isAvailable": true,
        "optionName": "Café colombiano",
        "optionNumber": 1,
        "photo": "https://www.mdzol.com/u/fotografias/m/2021/4/8/f850x638-1041350_1118839_5050.jpg",
        "unitPrice": 150,
      },
      Object {
        "category": "almuerzos",
        "dateAvailableFrom": "2021-10-25",
        "dateAvailableUntil": "2021-07-01",
        "description": "Minuta ejecutiva típica con bebida a elección",
        "idMenuOption": 29,
        "isAvailable": true,
        "optionName": "Milanesa completa con bebida",
        "optionNumber": 2,
        "photo": "https://cdn.needish.com/is-prod-deals/aiY6rmMwouS2sSt7-qEFDg/scale/900x600.jpg",
        "unitPrice": 1450,
      },
      Object {
        "category": "café",
        "dateAvailableFrom": "2021-06-24",
        "dateAvailableUntil": "2021-07-02",
        "description": "Café típico con un tercio de café y resto de leche",
        "idMenuOption": 17,
        "isAvailable": true,
        "optionName": "Lágrima",
        "optionNumber": 3,
        "photo": "https://i.pinimg.com/originals/91/1a/fe/911afeef717a9325ed8965b33ea897e2.jpg",
        "unitPrice": 175.49,
      },
    ]
  }
  disableVirtualization={false}
  getItem={[Function]}
  getItemCount={[Function]}
  horizontal={false}
  initialNumToRender={10}
  keyExtractor={[Function]}
  maxToRenderPerBatch={10}
  onContentSizeChange={[Function]}
  onEndReachedThreshold={2}
  onLayout={[Function]}
  onMomentumScrollEnd={[Function]}
  onScroll={[Function]}
  onScrollBeginDrag={[Function]}
  onScrollEndDrag={[Function]}
  removeClippedSubviews={false}
  renderItem={[Function]}
  scrollEventThrottle={50}
  stickyHeaderIndices={Array []}
  style={
    Array [
      Object {},
    ]
  }
  updateCellsBatchingPeriod={50}
  viewabilityConfigCallbackPairs={Array []}
  windowSize={21}
>
  <View>
    <View
      onLayout={[Function]}
      style={null}
    >
      <View
        accessible={true}
        focusable={true}
        onClick={[Function]}
        onResponderGrant={[Function]}
        onResponderMove={[Function]}
        onResponderRelease={[Function]}
        onResponderTerminate={[Function]}
        onResponderTerminationRequest={[Function]}
        onStartShouldSetResponder={[Function]}
      >
        <View
          style={
            Object {
              "opacity": 0,
            }
          }
        >
          <View
            style={
              Object {
                "backgroundColor": "#FFFFFF",
                "borderColor": "rgba(0, 0, 0, 0.12)",
                "borderRadius": 4,
                "elevation": 5,
                "marginBottom": 16,
                "shadowColor": "#000000",
                "shadowOffset": Object {
                  "height": 4,
                  "width": 0,
                },
                "shadowOpacity": 0.24,
                "shadowRadius": 5,
              }
            }
          >
            <View
              accessible={true}
              focusable={false}
              onClick={[Function]}
              onResponderGrant={[Function]}
              onResponderMove={[Function]}
              onResponderRelease={[Function]}
              onResponderTerminate={[Function]}
              onResponderTerminationRequest={[Function]}
              onStartShouldSetResponder={[Function]}
              style={
                Object {
                  "flexGrow": 1,
                  "flexShrink": 1,
                }
              }
            >
              <View
                style={
                  Array [
                    Object {
                      "backgroundColor": "#eeeeee",
                      "height": 195,
                      "overflow": "hidden",
                    },
                    Object {
                      "borderTopLeftRadius": 4,
                      "borderTopRightRadius": 4,
                    },
                    Array [
                      Object {
                        "backgroundColor": "#FFFFFF",
                        "paddingBottom": 8,
                        "paddingLeft": 8,
                        "paddingRight": 8,
                        "paddingTop": 8,
                      },
                    ],
                  ]
                }
              >
                <Image
                  alt="Café colombiano"
                  siblings={
                    Array [
                      "Styled(withTheme(Card.Cover))",
                      "Styled(View)",
                    ]
                  }
                  source={
                    Object {
                      "uri": "https://www.mdzol.com/u/fotografias/m/2021/4/8/f850x638-1041350_1118839_5050.jpg",
                    }
                  }
                  style={
                    Array [
                      Object {
                        "flex": 1,
                        "height": undefined,
                        "justifyContent": "flex-end",
                        "padding": 16,
                        "width": undefined,
                      },
                      Object {
                        "borderTopLeftRadius": 4,
                        "borderTopRightRadius": 4,
                      },
                    ]
                  }
                />
              </View>
              <View
                index={1}
                siblings={
                  Array [
                    "Styled(withTheme(Card.Cover))",
                    "Styled(View)",
                  ]
                }
                style={
                  Array [
                    Object {
                      "paddingBottom": 16,
                      "paddingLeft": 16,
                      "paddingRight": 16,
                      "paddingTop": 16,
                    },
                  ]
                }
                total={2}
              >
                <Text
                  style={
                    Array [
                      Object {
                        "fontSize": 24,
                        "marginBottom": 0,
                      },
                    ]
                  }
                >
                  Café colombiano
                </Text>
                <Text
                  style={
                    Array [
                      Object {
                        "fontSize": 12,
                        "marginBottom": 8,
                      },
                    ]
                  }
                >
                  El mejor café colombiano que probarás jamás
                </Text>
                <Text
                  style={
                    Array [
                      Object {
                        "fontSize": 20,
                        "fontWeight": "700",
                      },
                    ]
                  }
                >
                  $
                  150
                </Text>
              </View>
            </View>
          </View>
        </View>
      </View>
    </View>
    <View
      onLayout={[Function]}
      style={null}
    >
      <View
        accessible={true}
        focusable={true}
        onClick={[Function]}
        onResponderGrant={[Function]}
        onResponderMove={[Function]}
        onResponderRelease={[Function]}
        onResponderTerminate={[Function]}
        onResponderTerminationRequest={[Function]}
        onStartShouldSetResponder={[Function]}
      >
        <View
          style={
            Object {
              "opacity": 0,
            }
          }
        >
          <View
            style={
              Object {
                "backgroundColor": "#FFFFFF",
                "borderColor": "rgba(0, 0, 0, 0.12)",
                "borderRadius": 4,
                "elevation": 5,
                "marginBottom": 16,
                "shadowColor": "#000000",
                "shadowOffset": Object {
                  "height": 4,
                  "width": 0,
                },
                "shadowOpacity": 0.24,
                "shadowRadius": 5,
              }
            }
          >
            <View
              accessible={true}
              focusable={false}
              onClick={[Function]}
              onResponderGrant={[Function]}
              onResponderMove={[Function]}
              onResponderRelease={[Function]}
              onResponderTerminate={[Function]}
              onResponderTerminationRequest={[Function]}
              onStartShouldSetResponder={[Function]}
              style={
                Object {
                  "flexGrow": 1,
                  "flexShrink": 1,
                }
              }
            >
              <View
                style={
                  Array [
                    Object {
                      "backgroundColor": "#eeeeee",
                      "height": 195,
                      "overflow": "hidden",
                    },
                    Object {
                      "borderTopLeftRadius": 4,
                      "borderTopRightRadius": 4,
                    },
                    Array [
                      Object {
                        "backgroundColor": "#FFFFFF",
                        "paddingBottom": 8,
                        "paddingLeft": 8,
                        "paddingRight": 8,
                        "paddingTop": 8,
                      },
                    ],
                  ]
                }
              >
                <Image
                  alt="Milanesa completa con bebida"
                  siblings={
                    Array [
                      "Styled(withTheme(Card.Cover))",
                      "Styled(View)",
                    ]
                  }
                  source={
                    Object {
                      "uri": "https://cdn.needish.com/is-prod-deals/aiY6rmMwouS2sSt7-qEFDg/scale/900x600.jpg",
                    }
                  }
                  style={
                    Array [
                      Object {
                        "flex": 1,
                        "height": undefined,
                        "justifyContent": "flex-end",
                        "padding": 16,
                        "width": undefined,
                      },
                      Object {
                        "borderTopLeftRadius": 4,
                        "borderTopRightRadius": 4,
                      },
                    ]
                  }
                />
              </View>
              <View
                index={1}
                siblings={
                  Array [
                    "Styled(withTheme(Card.Cover))",
                    "Styled(View)",
                  ]
                }
                style={
                  Array [
                    Object {
                      "paddingBottom": 16,
                      "paddingLeft": 16,
                      "paddingRight": 16,
                      "paddingTop": 16,
                    },
                  ]
                }
                total={2}
              >
                <Text
                  style={
                    Array [
                      Object {
                        "fontSize": 24,
                        "marginBottom": 0,
                      },
                    ]
                  }
                >
                  Milanesa completa con bebida
                </Text>
                <Text
                  style={
                    Array [
                      Object {
                        "fontSize": 12,
                        "marginBottom": 8,
                      },
                    ]
                  }
                >
                  Minuta ejecutiva típica con bebida a elección
                </Text>
                <Text
                  style={
                    Array [
                      Object {
                        "fontSize": 20,
                        "fontWeight": "700",
                      },
                    ]
                  }
                >
                  $
                  1450
                </Text>
              </View>
            </View>
          </View>
        </View>
      </View>
    </View>
    <View
      onLayout={[Function]}
      style={null}
    >
      <View
        accessible={true}
        focusable={true}
        onClick={[Function]}
        onResponderGrant={[Function]}
        onResponderMove={[Function]}
        onResponderRelease={[Function]}
        onResponderTerminate={[Function]}
        onResponderTerminationRequest={[Function]}
        onStartShouldSetResponder={[Function]}
      >
        <View
          style={
            Object {
              "opacity": 0,
            }
          }
        >
          <View
            style={
              Object {
                "backgroundColor": "#FFFFFF",
                "borderColor": "rgba(0, 0, 0, 0.12)",
                "borderRadius": 4,
                "elevation": 5,
                "marginBottom": 16,
                "shadowColor": "#000000",
                "shadowOffset": Object {
                  "height": 4,
                  "width": 0,
                },
                "shadowOpacity": 0.24,
                "shadowRadius": 5,
              }
            }
          >
            <View
              accessible={true}
              focusable={false}
              onClick={[Function]}
              onResponderGrant={[Function]}
              onResponderMove={[Function]}
              onResponderRelease={[Function]}
              onResponderTerminate={[Function]}
              onResponderTerminationRequest={[Function]}
              onStartShouldSetResponder={[Function]}
              style={
                Object {
                  "flexGrow": 1,
                  "flexShrink": 1,
                }
              }
            >
              <View
                style={
                  Array [
                    Object {
                      "backgroundColor": "#eeeeee",
                      "height": 195,
                      "overflow": "hidden",
                    },
                    Object {
                      "borderTopLeftRadius": 4,
                      "borderTopRightRadius": 4,
                    },
                    Array [
                      Object {
                        "backgroundColor": "#FFFFFF",
                        "paddingBottom": 8,
                        "paddingLeft": 8,
                        "paddingRight": 8,
                        "paddingTop": 8,
                      },
                    ],
                  ]
                }
              >
                <Image
                  alt="Lágrima"
                  siblings={
                    Array [
                      "Styled(withTheme(Card.Cover))",
                      "Styled(View)",
                    ]
                  }
                  source={
                    Object {
                      "uri": "https://i.pinimg.com/originals/91/1a/fe/911afeef717a9325ed8965b33ea897e2.jpg",
                    }
                  }
                  style={
                    Array [
                      Object {
                        "flex": 1,
                        "height": undefined,
                        "justifyContent": "flex-end",
                        "padding": 16,
                        "width": undefined,
                      },
                      Object {
                        "borderTopLeftRadius": 4,
                        "borderTopRightRadius": 4,
                      },
                    ]
                  }
                />
              </View>
              <View
                index={1}
                siblings={
                  Array [
                    "Styled(withTheme(Card.Cover))",
                    "Styled(View)",
                  ]
                }
                style={
                  Array [
                    Object {
                      "paddingBottom": 16,
                      "paddingLeft": 16,
                      "paddingRight": 16,
                      "paddingTop": 16,
                    },
                  ]
                }
                total={2}
              >
                <Text
                  style={
                    Array [
                      Object {
                        "fontSize": 24,
                        "marginBottom": 0,
                      },
                    ]
                  }
                >
                  Lágrima
                </Text>
                <Text
                  style={
                    Array [
                      Object {
                        "fontSize": 12,
                        "marginBottom": 8,
                      },
                    ]
                  }
                >
                  Café típico con un tercio de café y resto de leche
                </Text>
                <Text
                  style={
                    Array [
                      Object {
                        "fontSize": 20,
                        "fontWeight": "700",
                      },
                    ]
                  }
                >
                  $
                  175.49
                </Text>
              </View>
            </View>
          </View>
        </View>
      </View>
    </View>
  </View>
</RCTScrollView>
`;
